// Vitest Snapshot v1, https://vitest.dev/guide/snapshot.html

exports[`shallow merge 1`] = `
{
  "github": "Kamsou",
  "name": "Camille",
}
`;
